// Jest Snapshot v1, https://goo.gl/fbAQLP

exports[`Should render Add spend 1`] = `
<div>
  <h1>
    Add Spending
  </h1>
  <SpendingForm
    onSubmit={[Function]}
  />
</div>
`;
